
[1m[46m RUN [49m[22m [36mv4.0.18 [39m[90mC:/Users/mrnlu/repos/agent-predict-war-room-backend-research-docs[39m

 [31mΓ¥»[39m src/test/integration/aiProviderSelector.test.tsx [2m([22m[2m5 tests[22m[2m | [22m[31m5 failed[39m[2m)[22m[32m 18[2mms[22m[39m
[31m     [31m├ù[31m renders in compact mode by default[39m[32m 7[2mms[22m[39m
[31m     [31m├ù[31m opens panel and shows all 3 providers[39m[32m 2[2mms[22m[39m
[31m     [31m├ù[31m updates store and fires toast when selecting Gemini[39m[32m 2[2mms[22m[39m
[31m     [31m├ù[31m allows model selection per provider[39m[32m 1[2mms[22m[39m
[31m     [31m├ù[31m persists selection to localStorage[39m[32m 1[2mms[22m[39m
node.exe : 
At C:\Program Files\nodejs\npx.ps1:29 
char:3
+   & $NODE_EXE $NPX_CLI_JS $args
+   ~~~~~~~~~~~~~~~~~~~~~~~~~~~~~
    + CategoryInfo          : NotSpecifie 
   d: (:String) [], RemoteException
    + FullyQualifiedErrorId : NativeComma 
   ndError
 
[31mΓÄ»ΓÄ»ΓÄ»ΓÄ»ΓÄ»ΓÄ»ΓÄ»[39m[1m[41m 
Failed Tests 5 
[49m[22m[31mΓÄ»ΓÄ»ΓÄ»ΓÄ»ΓÄ»ΓÄ»ΓÄ»[39m

[41m[1m FAIL [22m[49m src/test/integra
tion/aiProviderSelector.test.tsx[2m > 
[22mAIProviderSelector Integration[2m > 
[22mrenders in compact mode by default
[41m[1m FAIL [22m[49m src/test/integra
tion/aiProviderSelector.test.tsx[2m > 
[22mAIProviderSelector Integration[2m > 
[22mopens panel and shows all 3 providers
[41m[1m FAIL [22m[49m src/test/integra
tion/aiProviderSelector.test.tsx[2m > 
[22mAIProviderSelector Integration[2m > 
[22mupdates store and fires toast when 
selecting Gemini
[41m[1m FAIL [22m[49m src/test/integra
tion/aiProviderSelector.test.tsx[2m > 
[22mAIProviderSelector Integration[2m > 
[22mallows model selection per provider
[41m[1m FAIL [22m[49m src/test/integra
tion/aiProviderSelector.test.tsx[2m > 
[22mAIProviderSelector Integration[2m > 
[22mpersists selection to localStorage
[31m[1mReferenceError[22m: cleanup is 
not defined[39m
[36m [2mΓ¥»[22m src/test/integration/ai
ProviderSelector.test.tsx:[2m12:5[22m[3
9m
    [90m 10| [39m[34mdescribe[39m([32
m'AIProviderSelector 
Integration'[39m[33m,[39m () 
[33m=>[39m {
    [90m 11| [39m  
[34mbeforeEach[39m(() [33m=>[39m {
    [90m 12| [39m    
[34mcleanup[39m()[33m;[39m
    [90m   | [39m    [31m^[39m
    [90m 13| [39m    
[34mresetAllStores[39m()[33m;[39m
    [90m 14| [39m    vi[33m.[39m[34mc
learAllMocks[39m()[33m;[39m

[31m[2mΓÄ»ΓÄ»ΓÄ»ΓÄ»ΓÄ»ΓÄ»ΓÄ»ΓÄ»ΓÄ»ΓÄ»ΓÄ»
ΓÄ»ΓÄ»ΓÄ»ΓÄ»ΓÄ»ΓÄ»ΓÄ»ΓÄ»ΓÄ»ΓÄ»ΓÄ»ΓÄ»ΓÄ»[1/
5]ΓÄ»[22m[39m


[2m Test Files [22m [1m[31m1 failed[39m[22m[90m (1)[39m
[2m      Tests [22m [1m[31m5 failed[39m[22m[90m (5)[39m
[2m   Start at [22m 10:49:52
[2m   Duration [22m 4.53s[2m (transform 342ms, setup 659ms, import 1.01s, tests 18ms, environment 2.45s)[22m

