
 RUN  v4.0.18 C:/Users/mrnlu/repos/agent-predict_-war-room

 Γ¥» src/components/layout/Header/__tests__/MarketSearch.test.tsx (3 tests | 3 failed) 359ms
     ├ù should display search results when typing 91ms
     ├ù should handle keyboard navigation 252ms
     ├ù should persist and show recent searches 14ms
node.exe : 
At C:\Program Files\nodejs\npx.ps1:29 
char:3
+   & $NODE_EXE $NPX_CLI_JS $args
+   ~~~~~~~~~~~~~~~~~~~~~~~~~~~~~
    + CategoryInfo          : NotSpecifie 
   d: (:String) [], RemoteException
    + FullyQualifiedErrorId : NativeComma 
   ndError
 
ΓÄ»ΓÄ»ΓÄ»ΓÄ»ΓÄ»ΓÄ»ΓÄ» Failed Tests 3 
ΓÄ»ΓÄ»ΓÄ»ΓÄ»ΓÄ»ΓÄ»ΓÄ»

 FAIL  src/components/layout/Header/__test
s__/MarketSearch.test.tsx > MarketSearch 
> should display search results when 
typing
TestingLibraryElementError: Unable to 
find an element with the text: BTC-USD. 
This could be because the text is broken 
up by multiple elements. In this case, 
you can provide a function for your text 
matcher to make your matcher more 
flexible.

Ignored nodes: comments, script, style
[36m<body>[39m
  [36m<div>[39m
    [36m<div[39m
      [33mclass[39m=[32m"relative 
flex-1 max-w-md mx-4"[39m
    [36m>[39m
      [36m<div[39m
        [33mclass[39m=[32m"relative 
group"[39m
      [36m>[39m
        [36m<div[39m
          [33mclass[39m=[32m"absolute 
inset-y-0 left-0 pl-3 flex items-center 
pointer-events-none"[39m
        [36m>[39m
          [36m<svg[39m
            [33mclass[39m=[32m"lucide 
lucide-search transition-colors 
text-poly-blue"[39m
            
[33mfill[39m=[32m"none"[39m
            
[33mheight[39m=[32m"14"[39m
            
[33mstroke[39m=[32m"currentColor"[39m
            
[33mstroke-linecap[39m=[32m"round"[39m
            [33mstroke-linejoin[39m=[32
m"round"[39m
            
[33mstroke-width[39m=[32m"2"[39m
            [33mviewBox[39m=[32m"0 0 
24 24"[39m
            [33mwidth[39m=[32m"14"[39m
            [33mxmlns[39m=[32m"http://w
ww.w3.org/2000/svg"[39m
          [36m>[39m
            [36m<circle[39m
              [33mcx[39m=[32m"11"[39m
              [33mcy[39m=[32m"11"[39m
              [33mr[39m=[32m"8"[39m
            [36m/>[39m
            [36m<path[39m
              [33md[39m=[32m"m21 
21-4.3-4.3"[39m
            [36m/>[39m
          [36m</svg>[39m
        [36m</div>[39m
        [36m<input[39m
          [33maria-controls[39m=[32m"se
arch-results"[39m
          
[33maria-expanded[39m=[32m"true"[39m
          [33maria-haspopup[39m=[32m"li
stbox"[39m
          [33mclass[39m=[32m"block 
w-full pl-9 pr-10 py-1.5 border 
border-fin-border rounded-md leading-5 
bg-zinc-950 text-zinc-200 
placeholder-zinc-600 focus:outline-none 
focus:ring-1 focus:ring-poly-blue 
focus:border-poly-blue sm:text-xs 
transition-all"[39m
          
[33mplaceholder[39m=[32m"Search 
Markets..."[39m
          [33mtype[39m=[32m"text"[39m
          [33mvalue[39m=[32m"BTC"[39m
        [36m/>[39m
        [36m<button[39m
          [33mclass[39m=[32m"absolute 
inset-y-0 right-0 pr-3 flex items-center 
text-zinc-600 hover:text-white 
transition-colors"[39m
          
[33mtype[39m=[32m"button"[39m
        [36m>[39m
          [36m<svg[39m
            [33mclass[39m=[32m"lucide 
lucide-x"[39m
            
[33mfill[39m=[32m"none"[39m
            
[33mheight[39m=[32m"12"[39m
            
[33mstroke[39m=[32m"currentColor"[39m
            
[33mstroke-linecap[39m=[32m"round"[39m
            [33mstroke-linejoin[39m=[32
m"round"[39m
            
[33mstroke-width[39m=[32m"2"[39m
            [33mviewBox[39m=[32m"0 0 
24 24"[39m
            [33mwidth[39m=[32m"12"[39m
            [33mxmlns[39m=[32m"http://w
ww.w3.org/2000/svg"[39m
          [36m>[39m
            [36m<path[39m
              [33md[39m=[32m"M18 6 6 
18"[39m
            [36m/>[39m
            [36m<path[39m
              [33md[39m=[32m"m6 6 12 
12"[39m
            [36m/>[39m
          [36m</svg>[39m
        [36m</button>[39m
      [36m</div>[39m
      [36m<div[39m
        [33manimate[39m=[32m"[object 
Object]"[39m
        [33mclass[39m=[32m"absolute 
top-full left-0 w-full mt-1 bg-zinc-950 
border border-fin-border rounded-md 
shadow-2xl overflow-hidden z-[60]"[39m
        [33mexit[39m=[32m"[object 
Object]"[39m
        
[33mid[39m=[32m"search-results"[39m
        [33minitial[39m=[32m"[object 
Object]"[39m
        [33mrole[39m=[32m"listbox"[39m
      [36m>[39m
        [36m<div[39m
          [33mclass[39m=[32m"max-h-80 
overflow-y-auto custom-scrollbar"[39m
        [36m>[39m
          [36m<div[39m
            
[33maria-selected[39m=[32m"true"[39m
            [33mclass[39m=[32m"px-4 
py-2.5 flex items-center justify-between 
border-b border-fin-border/30 
last:border-0 cursor-pointer 
transition-colors bg-poly-blue/10 
border-l-2 border-l-poly-blue"[39m
            
[33mrole[39m=[32m"option"[39m
          [36m>[39m
            [36m<div[39m
              [33mclass[39m=[32m"flex 
flex-col"[39m
            [36m>[39m
              [36m<span[39m
                
[33mclass[39m=[32m"text-xs font-medium 
text-white"[39m
              [36m>[39m
                [36m<span />[39m
                [36m<span[39m
                  
[33mclass[39m=[32m"text-poly-blue 
font-bold"[39m
                [36m>[39m
                  [0mBTC[0m
                [36m</span>[39m
                [36m<span>[39m
                  [0m-USD[0m
                [36m</span>[39m
              [36m</span>[39m
              [36m<span[39m
                
[33mclass[39m=[32m"text-[10px] 
text-zinc-500 uppercase font-bold"[39m
              [36m>[39m
                [0mUSD[0m
                [0m Settlement[0m
              [36m</span>[39m
            [36m</div>[39m
            [36m<div[39m
              
[33mclass[39m=[32m"text-right"[39m
            [36m>[39m
              [36m<div[39m
                
[33mclass[39m=[32m"text-[10px] 
font-bold text-kalshi-green 
font-mono"[39m
              [36m>[39m
                [0m10.0[0m
                [0m% ARB[0m
              [36m</div>[39m
              [36m<div[39m
                
[33mclass[39m=[32m"text-[9px] 
text-zinc-600 font-mono"[39m
              [36m>[39m
                [0mVOL: $[0m
                [0m0[0m
              [36m</div>[39m
            [36m</div>[39m
          [36m</div>[39m
        [36m</div>[39m
        [36m<div[39m
          [33mclass[39m=[32m"p-2 
border-t border-fin-border bg-black/40 
text-[9px] text-zinc-600 flex 
justify-between items-center 
font-mono"[39m
        [36m>[39m
          [36m<span>[39m
            [0mUSE ΓåæΓåô TO NAVIGATE[0m
          [36m</span>[39m
          [36m<span>[39m
            [0mESC TO ABORT[0m
          [36m</span>[39m
        [36m</div>[39m
      [36m</div>[39m
    [36m</div>[39m
  [36m</div>[39m
[36m</body>[39m
 Γ¥» Object.getElementError node_modules/@
testing-library/dom/dist/config.js:37:19
 Γ¥» node_modules/@testing-library/dom/dis
t/query-helpers.js:76:38
 Γ¥» node_modules/@testing-library/dom/dis
t/query-helpers.js:52:17
 Γ¥» node_modules/@testing-library/dom/dis
t/query-helpers.js:95:19
 Γ¥» src/components/layout/Header/__tests_
_/MarketSearch.test.tsx:31:23
     29|         });
     30| 
     31|         expect(screen.getByText('
BTC-USD')).toBeInTheDocument();
       |                       ^
     32|         expect(screen.queryByText
('ETH-USD')).not.toBeInTheDocument();
     33|     });

ΓÄ»ΓÄ»ΓÄ»ΓÄ»ΓÄ»ΓÄ»ΓÄ»ΓÄ»ΓÄ»ΓÄ»ΓÄ»ΓÄ»ΓÄ»ΓÄ»
ΓÄ»ΓÄ»ΓÄ»ΓÄ»ΓÄ»ΓÄ»ΓÄ»ΓÄ»ΓÄ»ΓÄ»[1/3]ΓÄ»

 FAIL  src/components/layout/Header/__test
s__/MarketSearch.test.tsx > MarketSearch 
> should handle keyboard navigation
AssertionError: expected 
"setSelectedMarket" to be called with 
arguments: [ { symbol: 'MARKET-2', 
spread: 0.1 } ][90m

Number of calls: [1m0[22m
[39m
 Γ¥» src/components/layout/Header/__tests_
_/MarketSearch.test.tsx:64:38
     62|         const 
setSelectedMarketSpy = 
vi.spyOn(useMarketStore.getState(ΓÇª
     63|         fireEvent.keyDown(input, 
{ key: 'Enter' });
     64|         expect(setSelectedMarketS
py).toHaveBeenCalledWith(mockMarkets[ΓÇª
       |                                  
    ^
     65|     });
     66| 

ΓÄ»ΓÄ»ΓÄ»ΓÄ»ΓÄ»ΓÄ»ΓÄ»ΓÄ»ΓÄ»ΓÄ»ΓÄ»ΓÄ»ΓÄ»ΓÄ»
ΓÄ»ΓÄ»ΓÄ»ΓÄ»ΓÄ»ΓÄ»ΓÄ»ΓÄ»ΓÄ»ΓÄ»[2/3]ΓÄ»

 FAIL  src/components/layout/Header/__test
s__/MarketSearch.test.tsx > MarketSearch 
> should persist and show recent searches
TestingLibraryElementError: Unable to 
find an element with the text: RECENT-1. 
This could be because the text is broken 
up by multiple elements. In this case, 
you can provide a function for your text 
matcher to make your matcher more 
flexible.

Ignored nodes: comments, script, style
[36m<body>[39m
  [36m<div>[39m
    [36m<div[39m
      [33mclass[39m=[32m"relative 
flex-1 max-w-md mx-4"[39m
    [36m>[39m
      [36m<div[39m
        [33mclass[39m=[32m"relative 
group"[39m
      [36m>[39m
        [36m<div[39m
          [33mclass[39m=[32m"absolute 
inset-y-0 left-0 pl-3 flex items-center 
pointer-events-none"[39m
        [36m>[39m
          [36m<svg[39m
            [33mclass[39m=[32m"lucide 
lucide-search transition-colors 
text-poly-blue"[39m
            
[33mfill[39m=[32m"none"[39m
            
[33mheight[39m=[32m"14"[39m
            
[33mstroke[39m=[32m"currentColor"[39m
            
[33mstroke-linecap[39m=[32m"round"[39m
            [33mstroke-linejoin[39m=[32
m"round"[39m
            
[33mstroke-width[39m=[32m"2"[39m
            [33mviewBox[39m=[32m"0 0 
24 24"[39m
            [33mwidth[39m=[32m"14"[39m
            [33mxmlns[39m=[32m"http://w
ww.w3.org/2000/svg"[39m
          [36m>[39m
            [36m<circle[39m
              [33mcx[39m=[32m"11"[39m
              [33mcy[39m=[32m"11"[39m
              [33mr[39m=[32m"8"[39m
            [36m/>[39m
            [36m<path[39m
              [33md[39m=[32m"m21 
21-4.3-4.3"[39m
            [36m/>[39m
          [36m</svg>[39m
        [36m</div>[39m
        [36m<input[39m
          [33maria-controls[39m=[32m"se
arch-results"[39m
          
[33maria-expanded[39m=[32m"true"[39m
          [33maria-haspopup[39m=[32m"li
stbox"[39m
          [33mclass[39m=[32m"block 
w-full pl-9 pr-10 py-1.5 border 
border-fin-border rounded-md leading-5 
bg-zinc-950 text-zinc-200 
placeholder-zinc-600 focus:outline-none 
focus:ring-1 focus:ring-poly-blue 
focus:border-poly-blue sm:text-xs 
transition-all"[39m
          
[33mplaceholder[39m=[32m"Search 
Markets..."[39m
          [33mtype[39m=[32m"text"[39m
          
[33mvalue[39m=[32m"RECENT"[39m
        [36m/>[39m
        [36m<button[39m
          [33mclass[39m=[32m"absolute 
inset-y-0 right-0 pr-3 flex items-center 
text-zinc-600 hover:text-white 
transition-colors"[39m
          
[33mtype[39m=[32m"button"[39m
        [36m>[39m
          [36m<svg[39m
            [33mclass[39m=[32m"lucide 
lucide-x"[39m
            
[33mfill[39m=[32m"none"[39m
            
[33mheight[39m=[32m"12"[39m
            
[33mstroke[39m=[32m"currentColor"[39m
            
[33mstroke-linecap[39m=[32m"round"[39m
            [33mstroke-linejoin[39m=[32
m"round"[39m
            
[33mstroke-width[39m=[32m"2"[39m
            [33mviewBox[39m=[32m"0 0 
24 24"[39m
            [33mwidth[39m=[32m"12"[39m
            [33mxmlns[39m=[32m"http://w
ww.w3.org/2000/svg"[39m
          [36m>[39m

 Test Files  1 failed (1)
      Tests  3 failed (3)
   Start at  23:39:38
   Duration  3.34s (transform 235ms, setup 337ms, import 455ms, tests 359ms, environment 1.84s)

            [36m<path[39m
              [33md[39m=[32m"M18 6 6 
18"[39m
            [36m/>[39m
            [36m<path[39m
              [33md[39m=[32m"m6 6 12 
12"[39m
            [36m/>[39m
          [36m</svg>[39m
        [36m</button>[39m
      [36m</div>[39m
      [36m<div[39m
        [33manimate[39m=[32m"[object 
Object]"[39m
        [33mclass[39m=[32m"absolute 
top-full left-0 w-full mt-1 bg-zinc-950 
border border-fin-border rounded-md 
shadow-2xl overflow-hidden z-[60]"[39m
        [33mexit[39m=[32m"[object 
Object]"[39m
        
[33mid[39m=[32m"search-results"[39m
        [33minitial[39m=[32m"[object 
Object]"[39m
        [33mrole[39m=[32m"listbox"[39m
      [36m>[39m
        [36m<div[39m
          [33mclass[39m=[32m"max-h-80 
overflow-y-auto custom-scrollbar"[39m
        [36m>[39m
          [36m<div[39m
            
[33maria-selected[39m=[32m"true"[39m
            [33mclass[39m=[32m"px-4 
py-2.5 flex items-center justify-between 
border-b border-fin-border/30 
last:border-0 cursor-pointer 
transition-colors bg-poly-blue/10 
border-l-2 border-l-poly-blue"[39m
            
[33mrole[39m=[32m"option"[39m
          [36m>[39m
            [36m<div[39m
              [33mclass[39m=[32m"flex 
flex-col"[39m
            [36m>[39m
              [36m<span[39m
                
[33mclass[39m=[32m"text-xs font-medium 
text-white"[39m
              [36m>[39m
                [36m<span />[39m
                [36m<span[39m
                  
[33mclass[39m=[32m"text-poly-blue 
font-bold"[39m
                [36m>[39m
                  [0mRECENT[0m
                [36m</span>[39m
                [36m<span>[39m
                  [0m-1[0m
                [36m</span>[39m
              [36m</span>[39m
              [36m<span[39m
                
[33mclass[39m=[32m"text-[10px] 
text-zinc-500 uppercase font-bold"[39m
              [36m>[39m
                [0mUSD[0m
                [0m Settlement[0m
              [36m</span>[39m
            [36m</div>[39m
            [36m<div[39m
              
[33mclass[39m=[32m"text-right"[39m
            [36m>[39m
              [36m<div[39m
                
[33mclass[39m=[32m"text-[10px] 
font-bold text-kalshi-green 
font-mono"[39m
              [36m>[39m
                [0m10.0[0m
                [0m% ARB[0m
              [36m</div>[39m
              [36m<div[39m
                
[33mclass[39m=[32m"text-[9px] 
text-zinc-600 font-mono"[39m
              [36m>[39m
                [0mVOL: $[0m
                [0m0[0m
              [36m</div>[39m
            [36m</div>[39m
          [36m</div>[39m
        [36m</div>[39m
        [36m<div[39m
          [33mclass[39m=[32m"p-2 
border-t border-fin-border bg-black/40 
text-[9px] text-zinc-600 flex 
justify-between items-center 
font-mono"[39m
        [36m>[39m
          [36m<span>[39m
            [0mUSE ΓåæΓåô TO NAVIGATE[0m
          [36m</span>[39m
          [36m<span>[39m
            [0mESC TO ABORT[0m
          [36m</span>[39m
        [36m</div>[39m
      [36m</div>[39m
    [36m</div>[39m
  [36m</div>[39m
[36m</body>[39m
 Γ¥» Object.getElementError node_modules/@
testing-library/dom/dist/config.js:37:19
 Γ¥» node_modules/@testing-library/dom/dis
t/query-helpers.js:76:38
 Γ¥» node_modules/@testing-library/dom/dis
t/query-helpers.js:52:17
 Γ¥» node_modules/@testing-library/dom/dis
t/query-helpers.js:95:19
 Γ¥» src/components/layout/Header/__tests_
_/MarketSearch.test.tsx:81:32
     79|         });
     80| 
     81|         fireEvent.click(screen.ge
tByText('RECENT-1'));
       |                                ^
     82| 
     83|         // Re-render to check 
persistence

ΓÄ»ΓÄ»ΓÄ»ΓÄ»ΓÄ»ΓÄ»ΓÄ»ΓÄ»ΓÄ»ΓÄ»ΓÄ»ΓÄ»ΓÄ»ΓÄ»
ΓÄ»ΓÄ»ΓÄ»ΓÄ»ΓÄ»ΓÄ»ΓÄ»ΓÄ»ΓÄ»ΓÄ»[3/3]ΓÄ»

